// Jest Snapshot v1, https://goo.gl/fbAQLP

exports[`ResetPasswordMessage snapshot renders component 1`] = `
<RCTScrollView
  automaticallyAdjustContentInsets={false}
  className="sc-htpNat KtFsv"
  contentContainerStyle={
    Array [
      Object {
        "padding": undefined,
      },
      Object {
        "alignItems": "center",
        "display": "flex",
        "flexDirection": "column",
        "padding": 25,
      },
    ]
  }
  contentInset={
    Object {
      "bottom": 0,
    }
  }
  enableAutomaticScroll={true}
  enableOnAndroid={false}
  enableResetScrollToCoords={true}
  extraHeight={75}
  extraScrollHeight={0}
  getScrollResponder={[Function]}
  handleOnScroll={[Function]}
  keyboardDismissMode="interactive"
  keyboardOpeningTime={250}
  keyboardShouldPersistTaps="handled"
  keyboardSpace={0}
  onScroll={[Function]}
  resetKeyboardSpace={[Function]}
  resetScrollToCoords={
    Object {
      "x": 0,
      "y": 0,
    }
  }
  scrollEventThrottle={1}
  scrollForExtraHeightOnAndroid={[Function]}
  scrollIntoView={[Function]}
  scrollToEnd={[Function]}
  scrollToFocusedInput={[Function]}
  scrollToPosition={[Function]}
  showsVerticalScrollIndicator={true}
  style={
    Object {
      "backgroundColor": "transparent",
      "flex": 1,
    }
  }
  update={[Function]}
  viewIsInsideTabBar={false}
>
  <View>
    <Image
      source={1}
      square={true}
      style={
        Array [
          Object {
            "borderRadius": 0,
            "height": 56,
            "width": 56,
          },
          Object {
            "height": 180,
            "marginBottom": 25,
            "width": 180,
          },
        ]
      }
    />
    <Text
      className="sc-bdVaJa eftihw"
      style={
        Object {
          "color": "#000",
          "fontFamily": "System",
          "fontSize": 16,
        }
      }
      uppercase={false}
    >
      [missing "en.info.resetPassword" translation]
    </Text>
    <Text
      className="sc-bwzfXH bAgBGf"
      style={
        Object {
          "color": "#000",
          "fontFamily": "System",
          "fontSize": 16,
        }
      }
      uppercase={false}
    >
      [missing "en.info.resetPasswordDetails" translation]
    </Text>
  </View>
</RCTScrollView>
`;
