// Jest Snapshot v1, https://goo.gl/fbAQLP

exports[`ScanInformationsRow snapshot renders component 1`] = `
<View
  style={
    Object {
      "flex": 0,
      "flexDirection": "row",
      "height": 200,
    }
  }
>
  <View
    style={
      Object {
        "flex": 1,
        "flexDirection": "column",
      }
    }
  />
  <View
    style={
      Object {
        "flex": 1,
        "flexDirection": "column",
      }
    }
  />
</View>
`;
