// Jest Snapshot v1, https://goo.gl/fbAQLP

exports[`ScanDetailsScreen snapshot renders component 1`] = `
<View
  style={
    Object {
      "backgroundColor": "#fff",
      "flex": 1,
      "height": 1334,
    }
  }
>
  <View
    style={
      Object {
        "flex": 1,
        "flexDirection": "column",
      }
    }
  >
    <View
      style={
        Object {
          "flex": 1,
          "flexDirection": "row",
        }
      }
    />
  </View>
</View>
`;
