// Jest Snapshot v1, https://goo.gl/fbAQLP

exports[`ProfileImage snapshot renders component 1`] = `
<View
  style={
    Object {
      "backgroundColor": "transparent",
      "borderRadius": 75,
      "height": 150,
      "marginBottom": 30,
      "marginLeft": "auto",
      "marginRight": "auto",
      "marginTop": 30,
      "width": 150,
    }
  }
  theme={
    Object {
      "colors": Object {
        "disabled": "hsl(208, 8%, 90%)",
        "divider": "#bcbbc1",
        "error": "#ff190c",
        "grey0": "#393e42",
        "grey1": "#43484d",
        "grey2": "#5e6977",
        "grey3": "#86939e",
        "grey4": "#bdc6cf",
        "grey5": "#e1e8ee",
        "greyOutline": "#bbb",
        "platform": Object {
          "android": Object {
            "error": "#f44336",
            "primary": "#2196f3",
            "secondary": "#9C27B0",
            "success": "#4caf50",
            "warning": "#ffeb3b",
          },
          "ios": Object {
            "error": "#ff3b30",
            "primary": "#007aff",
            "secondary": "#5856d6",
            "success": "#4cd964",
            "warning": "#ffcc00",
          },
        },
        "primary": "#2089dc",
        "searchBg": "#303337",
        "secondary": "#8F0CE8",
        "success": "#52c41a",
        "warning": "#faad14",
      },
    }
  }
>
  <View
    accessibilityIgnoresInvertColors={true}
    style={
      Object {
        "backgroundColor": "#bdbdbd",
        "borderRadius": 75,
        "flex": 1,
        "overflow": "hidden",
        "position": "relative",
      }
    }
  >
    <Image
      onLoad={[Function]}
      source={1}
      style={
        Array [
          Object {
            "bottom": 0,
            "left": 0,
            "position": "absolute",
            "right": 0,
            "top": 0,
          },
          Object {
            "height": null,
            "width": null,
          },
        ]
      }
      testID="RNE__Image"
      theme={
        Object {
          "colors": Object {
            "disabled": "hsl(208, 8%, 90%)",
            "divider": "#bcbbc1",
            "error": "#ff190c",
            "grey0": "#393e42",
            "grey1": "#43484d",
            "grey2": "#5e6977",
            "grey3": "#86939e",
            "grey4": "#bdc6cf",
            "grey5": "#e1e8ee",
            "greyOutline": "#bbb",
            "platform": Object {
              "android": Object {
                "error": "#f44336",
                "primary": "#2196f3",
                "secondary": "#9C27B0",
                "success": "#4caf50",
                "warning": "#ffeb3b",
              },
              "ios": Object {
                "error": "#ff3b30",
                "primary": "#007aff",
                "secondary": "#5856d6",
                "success": "#4cd964",
                "warning": "#ffcc00",
              },
            },
            "primary": "#2089dc",
            "searchBg": "#303337",
            "secondary": "#8F0CE8",
            "success": "#52c41a",
            "warning": "#faad14",
          },
        }
      }
    />
    <View
      accessibilityElementsHidden={true}
      importantForAccessibility="no-hide-descendants"
      pointerEvents="none"
      style={
        Object {
          "bottom": 0,
          "left": 0,
          "opacity": 1,
          "position": "absolute",
          "right": 0,
          "top": 0,
        }
      }
    >
      <View
        style={
          Object {
            "alignItems": "center",
            "backgroundColor": "#bdbdbd",
            "flex": 1,
            "height": null,
            "justifyContent": "center",
            "width": null,
          }
        }
        testID="RNE__Image__placeholder"
      />
    </View>
    <View
      style={
        Object {
          "flex": 1,
          "height": null,
          "width": null,
        }
      }
    />
  </View>
  <View
    accessible={true}
    focusable={true}
    isTVSelectable={true}
    onClick={[Function]}
    onResponderGrant={[Function]}
    onResponderMove={[Function]}
    onResponderRelease={[Function]}
    onResponderTerminate={[Function]}
    onResponderTerminationRequest={[Function]}
    onStartShouldSetResponder={[Function]}
    style={
      Object {
        "alignItems": "center",
        "backgroundColor": "#aaa",
        "borderRadius": 25,
        "bottom": 0,
        "height": 50,
        "justifyContent": "center",
        "position": "absolute",
        "right": 0,
        "shadowColor": "#000",
        "shadowOffset": Object {
          "height": 1,
          "width": 1,
        },
        "shadowOpacity": 0.5,
        "shadowRadius": 2,
        "width": 50,
      }
    }
  >
    <View
      style={null}
    >
      <View>
        <View
          style={
            Object {
              "alignItems": "center",
              "backgroundColor": "transparent",
              "justifyContent": "center",
            }
          }
          theme={
            Object {
              "colors": Object {
                "disabled": "hsl(208, 8%, 90%)",
                "divider": "#bcbbc1",
                "error": "#ff190c",
                "grey0": "#393e42",
                "grey1": "#43484d",
                "grey2": "#5e6977",
                "grey3": "#86939e",
                "grey4": "#bdc6cf",
                "grey5": "#e1e8ee",
                "greyOutline": "#bbb",
                "platform": Object {
                  "android": Object {
                    "error": "#f44336",
                    "primary": "#2196f3",
                    "secondary": "#9C27B0",
                    "success": "#4caf50",
                    "warning": "#ffeb3b",
                  },
                  "ios": Object {
                    "error": "#ff3b30",
                    "primary": "#007aff",
                    "secondary": "#5856d6",
                    "success": "#4cd964",
                    "warning": "#ffcc00",
                  },
                },
                "primary": "#2089dc",
                "searchBg": "#303337",
                "secondary": "#8F0CE8",
                "success": "#52c41a",
                "warning": "#faad14",
              },
            }
          }
          underlayColor="#000"
        >
          <Text />
        </View>
      </View>
    </View>
  </View>
</View>
`;
